#1 [internal] load local bake definitions
#1 reading from stdin 1.74kB done
#1 DONE 0.0s

#2 [backend internal] load build definition from Dockerfile
#2 transferring dockerfile: 234B done
#2 DONE 0.0s

#3 [frontend internal] load build definition from Dockerfile
#3 transferring dockerfile: 268B done
#3 DONE 0.0s

#4 [worker internal] load metadata for docker.io/library/python:3.12.11-slim
#4 ...

#5 [frontend internal] load metadata for docker.io/library/nginx:1.28.0-alpine
#5 DONE 0.4s

#6 [frontend internal] load metadata for docker.io/library/node:22.18.0-alpine
#6 DONE 0.4s

#7 [frontend internal] load .dockerignore
#7 transferring context: 94B done
#7 DONE 0.0s

#8 [frontend build 1/6] FROM docker.io/library/node:22.18.0-alpine@sha256:1b2479dd35a99687d6638f5976fd235e26c5b37e8122f786fcd5fe231d63de5b
#8 DONE 0.0s

#9 [frontend stage-1 1/3] FROM docker.io/library/nginx:1.28.0-alpine@sha256:30f1c0d78e0ad60901648be663a710bdadf19e4c10ac6782c235200619158284
#9 DONE 0.0s

#10 [frontend internal] load build context
#10 transferring context: 94.84kB done
#10 DONE 0.0s

#11 [frontend build 2/6] WORKDIR /app
#11 CACHED

#12 [frontend build 3/6] COPY package*.json ./
#12 CACHED

#13 [frontend build 4/6] RUN npm ci
#13 CACHED

#14 [frontend build 5/6] COPY . .
#14 DONE 0.0s

#15 [frontend build 6/6] RUN npm run build
#15 0.156 
#15 0.156 > rag-quality-studio@0.1.0 build
#15 0.156 > tsc -b && vite build
#15 0.156 
#15 ...

#4 [migrate internal] load metadata for docker.io/library/python:3.12.11-slim
#4 DONE 0.9s

#16 [worker internal] load .dockerignore
#16 transferring context: 89B done
#16 DONE 0.0s

#17 [backend 1/5] FROM docker.io/library/python:3.12.11-slim@sha256:47ae396f09c1303b8653019811a8498470603d7ffefc29cb07c88f1f8cb3d19f
#17 DONE 0.0s

#18 [dispatcher internal] load build context
#18 transferring context: 7.87kB done
#18 DONE 0.0s

#19 [dispatcher 3/5] COPY requirements.lock .
#19 CACHED

#20 [dispatcher 4/5] RUN pip install --no-cache-dir -r requirements.lock
#20 CACHED

#21 [dispatcher 2/5] WORKDIR /app
#21 CACHED

#22 [dispatcher 5/5] COPY . .
#22 CACHED

#23 [backend] exporting to image
#23 exporting layers done
#23 writing image sha256:8835ea0583c8e773803c6774d1c5363771d67e068965de594a3b8c4a865df7f9 done
#23 naming to docker.io/library/rag-qa-browser-backend done
#23 DONE 0.0s

#24 [dispatcher] exporting to image
#24 exporting layers done
#24 writing image sha256:8835ea0583c8e773803c6774d1c5363771d67e068965de594a3b8c4a865df7f9 done
#24 naming to docker.io/library/rag-qa-browser-dispatcher done
#24 DONE 0.0s

#25 [worker] exporting to image
#25 exporting layers done
#25 writing image sha256:8835ea0583c8e773803c6774d1c5363771d67e068965de594a3b8c4a865df7f9 done
#25 naming to docker.io/library/rag-qa-browser-worker done
#25 DONE 0.0s

#26 [migrate] exporting to image
#26 exporting layers done
#26 writing image sha256:8835ea0583c8e773803c6774d1c5363771d67e068965de594a3b8c4a865df7f9 done
#26 naming to docker.io/library/rag-qa-browser-migrate done
#26 DONE 0.0s

#27 [dispatcher] resolving provenance for metadata file
#27 DONE 0.0s

#28 [backend] resolving provenance for metadata file
#28 DONE 0.0s

#29 [migrate] resolving provenance for metadata file
#29 DONE 0.0s

#30 [worker] resolving provenance for metadata file
#30 DONE 0.0s

#15 [frontend build 6/6] RUN npm run build
#15 2.503 vite v7.3.6 building client environment for production...
#15 2.541 transforming...
#15 3.771 ✓ 1856 modules transformed.
#15 3.906 rendering chunks...
#15 3.911 computing gzip size...
#15 3.922 dist/index.html                   0.42 kB │ gzip:   0.30 kB
#15 3.922 dist/assets/index-B3slnPum.css   67.94 kB │ gzip:  13.10 kB
#15 3.922 dist/assets/index-CeIGQ_fl.js   493.58 kB │ gzip: 155.58 kB
#15 3.922 ✓ built in 1.40s
#15 DONE 4.0s

#31 [frontend stage-1 2/3] COPY nginx.conf /etc/nginx/conf.d/default.conf
#31 CACHED

#32 [frontend stage-1 3/3] COPY --from=build /app/dist /usr/share/nginx/html
#32 DONE 0.0s

#33 [frontend] exporting to image
#33 exporting layers done
#33 writing image sha256:376806daa1855418cc6812f9433ad061b3ef2712d4841dfa0438623eedc73f88 done
#33 naming to docker.io/library/rag-qa-browser-frontend done
#33 DONE 0.0s

#34 [frontend] resolving provenance for metadata file
#34 DONE 0.0s
 backend  Built
 frontend  Built
 worker  Built
 migrate  Built
 dispatcher  Built
 Network rag-qa-browser_default  Creating
 Network rag-qa-browser_default  Created
 Volume "rag-qa-browser_postgres_data"  Creating
 Volume "rag-qa-browser_postgres_data"  Created
 Volume "rag-qa-browser_document_data"  Creating
 Volume "rag-qa-browser_document_data"  Created
 Volume "rag-qa-browser_redis_data"  Creating
 Volume "rag-qa-browser_redis_data"  Created
 Container rag-qa-browser-db-1  Creating
 Container rag-qa-browser-redis-1  Creating
 Container rag-qa-browser-redis-1  Created
 Container rag-qa-browser-db-1  Created
 Container rag-qa-browser-migrate-1  Creating
 Container rag-qa-browser-migrate-1  Created
 Container rag-qa-browser-dispatcher-1  Creating
 Container rag-qa-browser-backend-1  Creating
 Container rag-qa-browser-worker-1  Creating
 Container rag-qa-browser-backend-1  Created
 Container rag-qa-browser-frontend-1  Creating
 Container rag-qa-browser-frontend-1  Created
 Container rag-qa-browser-worker-1  Created
 Container rag-qa-browser-dispatcher-1  Created
 Container rag-qa-browser-redis-1  Starting
 Container rag-qa-browser-db-1  Starting
 Container rag-qa-browser-db-1  Started
 Container rag-qa-browser-db-1  Waiting
 Container rag-qa-browser-redis-1  Started
 Container rag-qa-browser-db-1  Healthy
 Container rag-qa-browser-migrate-1  Starting
 Container rag-qa-browser-migrate-1  Started
 Container rag-qa-browser-migrate-1  Waiting
 Container rag-qa-browser-migrate-1  Waiting
 Container rag-qa-browser-redis-1  Waiting
 Container rag-qa-browser-redis-1  Waiting
 Container rag-qa-browser-migrate-1  Waiting
 Container rag-qa-browser-migrate-1  Exited
 Container rag-qa-browser-redis-1  Healthy
 Container rag-qa-browser-migrate-1  Exited
 Container rag-qa-browser-redis-1  Healthy
 Container rag-qa-browser-backend-1  Starting
 Container rag-qa-browser-dispatcher-1  Starting
 Container rag-qa-browser-migrate-1  Exited
 Container rag-qa-browser-worker-1  Starting
 Container rag-qa-browser-backend-1  Started
 Container rag-qa-browser-backend-1  Waiting
 Container rag-qa-browser-dispatcher-1  Started
 Container rag-qa-browser-worker-1  Started
 Container rag-qa-browser-backend-1  Healthy
 Container rag-qa-browser-frontend-1  Starting
 Container rag-qa-browser-frontend-1  Started
