#1 [internal] load local bake definitions
#1 reading from stdin 420B done
#1 DONE 0.0s

#2 [internal] load build definition from Dockerfile
#2 transferring dockerfile: 268B done
#2 DONE 0.0s

#3 [internal] load metadata for docker.io/library/nginx:1.28.0-alpine
#3 DONE 0.5s

#4 [internal] load metadata for docker.io/library/node:22.18.0-alpine
#4 DONE 0.5s

#5 [internal] load .dockerignore
#5 transferring context: 94B done
#5 DONE 0.0s

#6 [build 1/6] FROM docker.io/library/node:22.18.0-alpine@sha256:1b2479dd35a99687d6638f5976fd235e26c5b37e8122f786fcd5fe231d63de5b
#6 DONE 0.0s

#7 [stage-1 1/3] FROM docker.io/library/nginx:1.28.0-alpine@sha256:30f1c0d78e0ad60901648be663a710bdadf19e4c10ac6782c235200619158284
#7 DONE 0.0s

#8 [internal] load build context
#8 transferring context: 3.47kB 0.0s done
#8 DONE 0.0s

#9 [build 4/6] RUN npm ci
#9 CACHED

#10 [stage-1 2/3] COPY nginx.conf /etc/nginx/conf.d/default.conf
#10 CACHED

#11 [build 5/6] COPY . .
#11 CACHED

#12 [build 3/6] COPY package*.json ./
#12 CACHED

#13 [build 6/6] RUN npm run build
#13 CACHED

#14 [build 2/6] WORKDIR /app
#14 CACHED

#15 [stage-1 3/3] COPY --from=build /app/dist /usr/share/nginx/html
#15 CACHED

#16 exporting to image
#16 exporting layers done
#16 writing image sha256:71bcb30269518658f4598a4e671474a5676a5cf8c03b02cf28ec586338d55a58 done
#16 naming to docker.io/library/rag-qa-browser-frontend done
#16 DONE 0.0s

#17 resolving provenance for metadata file
#17 DONE 0.0s
 frontend  Built
 Container rag-qa-browser-frontend-1  Recreate
 Container rag-qa-browser-frontend-1  Recreated
 Container rag-qa-browser-frontend-1  Starting
 Container rag-qa-browser-frontend-1  Started
