#1 [internal] load local bake definitions
#1 reading from stdin 748B done
#1 DONE 0.0s

#2 [backend internal] load build definition from Dockerfile
#2 transferring dockerfile: 234B done
#2 DONE 0.0s

#3 [frontend internal] load build definition from Dockerfile
#3 transferring dockerfile: 268B done
#3 DONE 0.0s

#4 [backend internal] load metadata for docker.io/library/python:3.12.11-slim
#4 DONE 0.4s

#5 [frontend internal] load metadata for docker.io/library/node:22.18.0-alpine
#5 DONE 0.5s

#6 [backend internal] load .dockerignore
#6 transferring context: 89B done
#6 DONE 0.0s

#7 [backend 1/5] FROM docker.io/library/python:3.12.11-slim@sha256:47ae396f09c1303b8653019811a8498470603d7ffefc29cb07c88f1f8cb3d19f
#7 DONE 0.0s

#8 [backend internal] load build context
#8 transferring context: 7.87kB done
#8 DONE 0.0s

#9 [frontend internal] load metadata for docker.io/library/nginx:1.28.0-alpine
#9 DONE 0.5s

#10 [backend 3/5] COPY requirements.lock .
#10 CACHED

#11 [backend 4/5] RUN pip install --no-cache-dir -r requirements.lock
#11 CACHED

#12 [backend 2/5] WORKDIR /app
#12 CACHED

#13 [backend 5/5] COPY . .
#13 CACHED

#14 [frontend internal] load .dockerignore
#14 transferring context: 94B done
#14 DONE 0.0s

#15 [backend] exporting to image
#15 exporting layers done
#15 writing image sha256:41ae85cb396e7f6b52d7df859ab455b18540cf39d7ef65dc2a7c9e663ba947e2 done
#15 naming to docker.io/library/rag-qa-browser-backend done
#15 DONE 0.0s

#16 [frontend build 1/6] FROM docker.io/library/node:22.18.0-alpine@sha256:1b2479dd35a99687d6638f5976fd235e26c5b37e8122f786fcd5fe231d63de5b
#16 DONE 0.0s

#17 [frontend stage-1 1/3] FROM docker.io/library/nginx:1.28.0-alpine@sha256:30f1c0d78e0ad60901648be663a710bdadf19e4c10ac6782c235200619158284
#17 DONE 0.0s

#18 [frontend internal] load build context
#18 transferring context: 3.47kB done
#18 DONE 0.0s

#19 [frontend stage-1 2/3] COPY nginx.conf /etc/nginx/conf.d/default.conf
#19 CACHED

#20 [frontend build 5/6] COPY . .
#20 CACHED

#21 [frontend build 2/6] WORKDIR /app
#21 CACHED

#22 [frontend build 6/6] RUN npm run build
#22 CACHED

#23 [frontend build 4/6] RUN npm ci
#23 CACHED

#24 [frontend build 3/6] COPY package*.json ./
#24 CACHED

#25 [frontend stage-1 3/3] COPY --from=build /app/dist /usr/share/nginx/html
#25 CACHED

#26 [frontend] exporting to image
#26 exporting layers done
#26 writing image sha256:7e01419dea600ed3eb05eee66a5a4ed66b228ae460df926b46960a5402d574c7 done
#26 naming to docker.io/library/rag-qa-browser-frontend done
#26 DONE 0.0s

#27 [backend] resolving provenance for metadata file
#27 DONE 0.0s

#28 [frontend] resolving provenance for metadata file
#28 DONE 0.0s
 backend  Built
 frontend  Built
 Container rag-qa-browser-backend-1  Recreate
 Container rag-qa-browser-backend-1  Recreated
 Container rag-qa-browser-frontend-1  Recreate
 Container rag-qa-browser-frontend-1  Recreated
 Container rag-qa-browser-backend-1  Starting
 Container rag-qa-browser-backend-1  Started
 Container rag-qa-browser-backend-1  Waiting
 Container rag-qa-browser-backend-1  Healthy
 Container rag-qa-browser-frontend-1  Starting
 Container rag-qa-browser-frontend-1  Started
