#1 [internal] load local bake definitions
#1 reading from stdin 424B done
#1 DONE 0.0s

#2 [internal] load build definition from Dockerfile
#2 transferring dockerfile: 268B done
#2 DONE 0.0s

#3 [internal] load metadata for docker.io/library/node:22.18.0-alpine
#3 DONE 0.4s

#4 [internal] load metadata for docker.io/library/nginx:1.28.0-alpine
#4 DONE 0.4s

#5 [build 1/6] FROM docker.io/library/node:22.18.0-alpine@sha256:1b2479dd35a99687d6638f5976fd235e26c5b37e8122f786fcd5fe231d63de5b
#5 DONE 0.0s

#6 [stage-1 1/3] FROM docker.io/library/nginx:1.28.0-alpine@sha256:30f1c0d78e0ad60901648be663a710bdadf19e4c10ac6782c235200619158284
#6 DONE 0.0s

#7 [build 4/6] RUN npm ci
#7 CACHED

#8 [build 5/6] COPY . .
#8 DONE 0.0s

#9 [internal] load .dockerignore
#9 transferring context: 94B done
#9 DONE 0.0s

#10 [internal] load build context
#10 transferring context: 46.63kB done
#10 DONE 0.0s

#11 [build 6/6] RUN npm run build
#11 0.176 
#11 0.176 > rag-quality-studio@0.1.0 build
#11 0.176 > tsc -b && vite build
#11 0.176 
#11 2.940 vite v7.3.6 building client environment for production...
#11 2.978 transforming...
#11 4.227 ✓ 1856 modules transformed.
#11 4.351 rendering chunks...
#11 4.356 computing gzip size...
#11 4.365 dist/index.html                   0.42 kB │ gzip:   0.30 kB
#11 4.365 dist/assets/index-Cv0MB8r6.css   68.19 kB │ gzip:  13.13 kB
#11 4.365 dist/assets/index-C4bh9x6A.js   493.58 kB │ gzip: 155.58 kB
#11 4.365 ✓ built in 1.41s
#11 DONE 4.4s

#12 [stage-1 2/3] COPY nginx.conf /etc/nginx/conf.d/default.conf
#12 CACHED

#13 [stage-1 3/3] COPY --from=build /app/dist /usr/share/nginx/html
#13 DONE 0.0s

#14 exporting to image
#14 exporting layers done
#14 writing image sha256:d60623d04b67164f1703c1cef2a072fdbeda6d65ec4927bc3eeedaa1e7697954 done
#14 naming to docker.io/library/rag-quality-studio-frontend done
#14 DONE 0.0s

#15 resolving provenance for metadata file
#15 DONE 0.0s
 frontend  Built
 Container rag-quality-studio-frontend-1  Recreate
 Container rag-quality-studio-frontend-1  Recreated
 Container rag-quality-studio-frontend-1  Starting
 Container rag-quality-studio-frontend-1  Started
