#1 [internal] load local bake definitions
#1 reading from stdin 756B done
#1 DONE 0.0s

#2 [backend internal] load build definition from Dockerfile
#2 transferring dockerfile: 234B done
#2 DONE 0.0s

#3 [frontend internal] load build definition from Dockerfile
#3 transferring dockerfile: 268B done
#3 DONE 0.0s

#4 [backend internal] load metadata for docker.io/library/python:3.12.11-slim
#4 DONE 1.1s

#5 [frontend internal] load metadata for docker.io/library/node:22.18.0-alpine
#5 ...

#6 [backend internal] load .dockerignore
#6 transferring context: 89B done
#6 DONE 0.0s

#7 [backend 1/5] FROM docker.io/library/python:3.12.11-slim@sha256:47ae396f09c1303b8653019811a8498470603d7ffefc29cb07c88f1f8cb3d19f
#7 DONE 0.0s

#8 [backend internal] load build context
#8 transferring context: 7.87kB 0.0s done
#8 DONE 0.0s

#9 [backend 3/5] COPY requirements.lock .
#9 CACHED

#10 [backend 4/5] RUN pip install --no-cache-dir -r requirements.lock
#10 CACHED

#11 [backend 2/5] WORKDIR /app
#11 CACHED

#12 [backend 5/5] COPY . .
#12 CACHED

#13 [backend] exporting to image
#13 exporting layers done
#13 writing image sha256:41ae85cb396e7f6b52d7df859ab455b18540cf39d7ef65dc2a7c9e663ba947e2 done
#13 naming to docker.io/library/rag-quality-studio-backend done
#13 DONE 0.0s

#14 [backend] resolving provenance for metadata file
#14 DONE 0.0s

#5 [frontend internal] load metadata for docker.io/library/node:22.18.0-alpine
#5 DONE 1.3s

#15 [frontend internal] load metadata for docker.io/library/nginx:1.28.0-alpine
#15 DONE 1.4s

#16 [frontend internal] load .dockerignore
#16 transferring context: 94B done
#16 DONE 0.0s

#17 [frontend build 1/6] FROM docker.io/library/node:22.18.0-alpine@sha256:1b2479dd35a99687d6638f5976fd235e26c5b37e8122f786fcd5fe231d63de5b
#17 DONE 0.0s

#18 [frontend stage-1 1/3] FROM docker.io/library/nginx:1.28.0-alpine@sha256:30f1c0d78e0ad60901648be663a710bdadf19e4c10ac6782c235200619158284
#18 DONE 0.0s

#19 [frontend internal] load build context
#19 transferring context: 98.48kB 0.0s done
#19 DONE 0.0s

#20 [frontend build 3/6] COPY package*.json ./
#20 CACHED

#21 [frontend build 2/6] WORKDIR /app
#21 CACHED

#22 [frontend build 4/6] RUN npm ci
#22 CACHED

#23 [frontend build 5/6] COPY . .
#23 DONE 0.0s

#24 [frontend build 6/6] RUN npm run build
#24 0.287 
#24 0.287 > rag-quality-studio@0.1.0 build
#24 0.287 > tsc -b && vite build
#24 0.287 
#24 6.897 vite v7.3.6 building client environment for production...
#24 6.977 transforming...
#24 9.853 ✓ 1861 modules transformed.
#24 10.13 rendering chunks...
#24 10.14 computing gzip size...
#24 10.16 dist/index.html                   0.42 kB │ gzip:   0.30 kB
#24 10.16 dist/assets/index-CRHDz12_.css   81.05 kB │ gzip:  14.86 kB
#24 10.16 dist/assets/index-BzK7as5J.js   507.96 kB │ gzip: 159.35 kB
#24 10.16 
#24 10.16 (!) Some chunks are larger than 500 kB after minification. Consider:
#24 10.16 - Using dynamic import() to code-split the application
#24 10.16 - Use build.rollupOptions.output.manualChunks to improve chunking: https://rollupjs.org/configuration-options/#output-manualchunks
#24 10.16 - Adjust chunk size limit for this warning via build.chunkSizeWarningLimit.
#24 10.16 ✓ built in 3.22s
#24 DONE 10.3s

#25 [frontend stage-1 2/3] COPY nginx.conf /etc/nginx/conf.d/default.conf
#25 CACHED

#26 [frontend stage-1 3/3] COPY --from=build /app/dist /usr/share/nginx/html
#26 DONE 0.0s

#27 [frontend] exporting to image
#27 exporting layers 0.0s done
#27 writing image sha256:7e01419dea600ed3eb05eee66a5a4ed66b228ae460df926b46960a5402d574c7 done
#27 naming to docker.io/library/rag-quality-studio-frontend done
#27 DONE 0.0s

#28 [frontend] resolving provenance for metadata file
#28 DONE 0.0s
 backend  Built
 frontend  Built
 Container rag-quality-studio-backend-1  Running
 Container rag-quality-studio-frontend-1  Recreate
 Container rag-quality-studio-frontend-1  Recreated
 Container rag-quality-studio-backend-1  Waiting
 Container rag-quality-studio-backend-1  Healthy
 Container rag-quality-studio-frontend-1  Starting
 Container rag-quality-studio-frontend-1  Started
