
> rag-quality-studio@0.1.0 test:e2e
> playwright test


Running 10 tests using 5 workers

(node:9811) Warning: The 'NO_COLOR' env is ignored due to the 'FORCE_COLOR' env being set.
(Use `node --trace-warnings ...` to show where the warning was created)
(node:9810) Warning: The 'NO_COLOR' env is ignored due to the 'FORCE_COLOR' env being set.
(Use `node --trace-warnings ...` to show where the warning was created)
(node:9813) Warning: The 'NO_COLOR' env is ignored due to the 'FORCE_COLOR' env being set.
(Use `node --trace-warnings ...` to show where the warning was created)
(node:9812) Warning: The 'NO_COLOR' env is ignored due to the 'FORCE_COLOR' env being set.
(Use `node --trace-warnings ...` to show where the warning was created)
(node:9814) Warning: The 'NO_COLOR' env is ignored due to the 'FORCE_COLOR' env being set.
(Use `node --trace-warnings ...` to show where the warning was created)
  -   4 [chromium] › e2e/indexes.spec.ts:3:1 › reports missing embedding credentials without breaking document management
  ✓   3 [chromium] › e2e/documents.spec.ts:3:1 › uploads, processes, inspects and revisits a versioned document (4.2s)
  ✓   6 [chromium] › e2e/indexes.spec.ts:14:1 › indexes and retrieves persisted source evidence using the isolated provider fixture (8.1s)
  ✓   1 [chromium] › e2e/playground.spec.ts:3:1 › single-turn answers, evidence, insufficient evidence and persisted history (8.9s)
  ✓   8 [chromium] › e2e/projects.spec.ts:2:1 › creates a real project and preserves it across reload (434ms)
  ✓   7 [chromium] › e2e/documents.spec.ts:43:1 › shows parsing failure and allows a new processing version (4.8s)
  ✓   9 [chromium] › e2e/workspace.spec.ts:3:1 › project navigation, isolated state, direct links, history and mobile menu (1.2s)
  ✓   5 [chromium] › e2e/pipelines.spec.ts:3:1 › pipeline create configure save reopen run evidence and immutable versions (10.8s)
  ✓  10 [chromium] › e2e/documents.spec.ts:55:1 › processes a text PDF and displays its page provenance (4.7s)
  ✓   2 [chromium] › e2e/experiments.spec.ts:3:1 › import reviewed dataset, compare two versions and inspect evidence (2.1m)

  1 skipped
  9 passed (2.2m)
