#1 [internal] load local bake definitions
#1 reading from stdin 424B done
#1 DONE 0.0s

#2 [internal] load build definition from Dockerfile
#2 transferring dockerfile: 268B done
#2 DONE 0.0s

#3 [internal] load metadata for docker.io/library/node:22.18.0-alpine
#3 DONE 0.5s

#4 [internal] load metadata for docker.io/library/nginx:1.28.0-alpine
#4 DONE 0.5s

#5 [internal] load .dockerignore
#5 transferring context: 94B done
#5 DONE 0.0s

#6 [build 1/6] FROM docker.io/library/node:22.18.0-alpine@sha256:1b2479dd35a99687d6638f5976fd235e26c5b37e8122f786fcd5fe231d63de5b
#6 DONE 0.0s

#7 [stage-1 1/3] FROM docker.io/library/nginx:1.28.0-alpine@sha256:30f1c0d78e0ad60901648be663a710bdadf19e4c10ac6782c235200619158284
#7 DONE 0.0s

#8 [internal] load build context
#8 transferring context: 25.72kB 0.0s done
#8 DONE 0.0s

#9 [build 3/6] COPY package*.json ./
#9 CACHED

#10 [build 2/6] WORKDIR /app
#10 CACHED

#11 [build 4/6] RUN npm ci
#11 CACHED

#12 [build 5/6] COPY . .
#12 DONE 0.1s

#13 [build 6/6] RUN npm run build
#13 0.467 
#13 0.467 > rag-quality-studio@0.1.0 build
#13 0.467 > tsc -b && vite build
#13 0.467 
#13 8.118 vite v7.3.6 building client environment for production...
#13 8.231 transforming...
#13 12.31 ✓ 1861 modules transformed.
#13 12.67 rendering chunks...
#13 12.68 computing gzip size...
#13 12.70 dist/index.html                   0.42 kB │ gzip:   0.30 kB
#13 12.70 dist/assets/index-PCzpjdjL.css   82.16 kB │ gzip:  15.05 kB
#13 12.70 dist/assets/index-BWrBczNB.js   508.27 kB │ gzip: 159.41 kB
#13 12.70 
#13 12.70 (!) Some chunks are larger than 500 kB after minification. Consider:
#13 12.70 - Using dynamic import() to code-split the application
#13 12.70 - Use build.rollupOptions.output.manualChunks to improve chunking: https://rollupjs.org/configuration-options/#output-manualchunks
#13 12.70 - Adjust chunk size limit for this warning via build.chunkSizeWarningLimit.
#13 12.70 ✓ built in 4.53s
#13 DONE 13.0s

#14 [stage-1 2/3] COPY nginx.conf /etc/nginx/conf.d/default.conf
#14 CACHED

#15 [stage-1 3/3] COPY --from=build /app/dist /usr/share/nginx/html
#15 DONE 0.0s

#16 exporting to image
#16 exporting layers 0.0s done
#16 writing image sha256:7c99f860debbe6275bb9957ed05e46c3483af906865840d2d73d01b39ce72903 done
#16 naming to docker.io/library/rag-quality-studio-frontend done
#16 DONE 0.0s

#17 resolving provenance for metadata file
#17 DONE 0.0s
 frontend  Built
 Container rag-quality-studio-frontend-1  Recreate
 Container rag-quality-studio-frontend-1  Recreated
 Container rag-quality-studio-frontend-1  Starting
 Container rag-quality-studio-frontend-1  Started
