#1 [internal] load local bake definitions
#1 reading from stdin 424B done
#1 DONE 0.0s

#2 [internal] load build definition from Dockerfile
#2 transferring dockerfile: 268B done
#2 DONE 0.0s

#3 [internal] load metadata for docker.io/library/nginx:1.28.0-alpine
#3 DONE 1.2s

#4 [internal] load metadata for docker.io/library/node:22.18.0-alpine
#4 DONE 1.3s

#5 [internal] load .dockerignore
#5 transferring context: 94B done
#5 DONE 0.0s

#6 [build 1/6] FROM docker.io/library/node:22.18.0-alpine@sha256:1b2479dd35a99687d6638f5976fd235e26c5b37e8122f786fcd5fe231d63de5b
#6 DONE 0.0s

#7 [stage-1 1/3] FROM docker.io/library/nginx:1.28.0-alpine@sha256:30f1c0d78e0ad60901648be663a710bdadf19e4c10ac6782c235200619158284
#7 DONE 0.0s

#8 [internal] load build context
#8 transferring context: 25.40kB done
#8 DONE 0.0s

#9 [build 2/6] WORKDIR /app
#9 CACHED

#10 [build 3/6] COPY package*.json ./
#10 CACHED

#11 [build 4/6] RUN npm ci
#11 CACHED

#12 [build 5/6] COPY . .
#12 DONE 0.0s

#13 [build 6/6] RUN npm run build
#13 0.235 
#13 0.235 > rag-quality-studio@0.1.0 build
#13 0.235 > tsc -b && vite build
#13 0.235 
#13 6.086 vite v7.3.6 building client environment for production...
#13 6.167 transforming...
#13 8.639 ✓ 1861 modules transformed.
#13 8.889 rendering chunks...
#13 8.898 computing gzip size...
#13 8.916 dist/index.html                   0.42 kB │ gzip:   0.30 kB
#13 8.916 dist/assets/index-CeRYaN13.css   81.96 kB │ gzip:  15.01 kB
#13 8.916 dist/assets/index-Cx9agV67.js   508.16 kB │ gzip: 159.39 kB
#13 8.916 
#13 8.916 (!) Some chunks are larger than 500 kB after minification. Consider:
#13 8.916 - Using dynamic import() to code-split the application
#13 8.916 - Use build.rollupOptions.output.manualChunks to improve chunking: https://rollupjs.org/configuration-options/#output-manualchunks
#13 8.916 - Adjust chunk size limit for this warning via build.chunkSizeWarningLimit.
#13 8.917 ✓ built in 2.79s
#13 DONE 9.0s

#14 [stage-1 2/3] COPY nginx.conf /etc/nginx/conf.d/default.conf
#14 CACHED

#15 [stage-1 3/3] COPY --from=build /app/dist /usr/share/nginx/html
#15 DONE 0.0s

#16 exporting to image
#16 exporting layers 0.0s done
#16 writing image sha256:71bcb30269518658f4598a4e671474a5676a5cf8c03b02cf28ec586338d55a58 done
#16 naming to docker.io/library/rag-quality-studio-frontend done
#16 DONE 0.0s

#17 resolving provenance for metadata file
#17 DONE 0.0s
 frontend  Built
 Container rag-quality-studio-frontend-1  Recreate
 Container rag-quality-studio-frontend-1  Recreated
 Container rag-quality-studio-frontend-1  Starting
 Container rag-quality-studio-frontend-1  Started
