#1 [internal] load local bake definitions
#1 reading from stdin 756B done
#1 DONE 0.0s

#2 [backend internal] load build definition from Dockerfile
#2 transferring dockerfile: 234B done
#2 DONE 0.0s

#3 [frontend internal] load build definition from Dockerfile
#3 transferring dockerfile: 268B done
#3 DONE 0.0s

#4 [frontend internal] load metadata for docker.io/library/node:22.18.0-alpine
#4 DONE 1.0s

#5 [frontend internal] load metadata for docker.io/library/nginx:1.28.0-alpine
#5 DONE 1.1s

#6 [frontend internal] load .dockerignore
#6 transferring context: 94B done
#6 DONE 0.0s

#7 [frontend build 1/6] FROM docker.io/library/node:22.18.0-alpine@sha256:1b2479dd35a99687d6638f5976fd235e26c5b37e8122f786fcd5fe231d63de5b
#7 DONE 0.0s

#8 [frontend stage-1 1/3] FROM docker.io/library/nginx:1.28.0-alpine@sha256:30f1c0d78e0ad60901648be663a710bdadf19e4c10ac6782c235200619158284
#8 DONE 0.0s

#9 [frontend internal] load build context
#9 transferring context: 20.28kB 0.0s done
#9 DONE 0.0s

#10 [frontend build 3/6] COPY package*.json ./
#10 CACHED

#11 [frontend build 2/6] WORKDIR /app
#11 CACHED

#12 [frontend build 4/6] RUN npm ci
#12 CACHED

#13 [frontend build 5/6] COPY . .
#13 DONE 0.1s

#14 [backend internal] load metadata for docker.io/library/python:3.12.11-slim
#14 DONE 1.4s

#15 [frontend build 6/6] RUN npm run build
#15 ...

#16 [backend internal] load .dockerignore
#16 transferring context: 89B 0.0s done
#16 DONE 0.0s

#17 [backend 1/5] FROM docker.io/library/python:3.12.11-slim@sha256:47ae396f09c1303b8653019811a8498470603d7ffefc29cb07c88f1f8cb3d19f
#17 DONE 0.0s

#18 [backend internal] load build context
#18 transferring context: 29.44kB 0.0s done
#18 DONE 0.1s

#19 [backend 3/5] COPY requirements.lock .
#19 CACHED

#20 [backend 2/5] WORKDIR /app
#20 CACHED

#21 [backend 4/5] RUN pip install --no-cache-dir -r requirements.lock
#21 CACHED

#22 [backend 5/5] COPY . .
#22 DONE 0.1s

#15 [frontend build 6/6] RUN npm run build
#15 ...

#23 [backend] exporting to image
#23 exporting layers 0.1s done
#23 writing image sha256:f4c10f0e5a4b3583c8c06d39c7f4528b0d336c9948e0b6accd0f368af6fac9f1 done
#23 naming to docker.io/library/rag-quality-studio-backend done
#23 DONE 0.1s

#24 [backend] resolving provenance for metadata file
#24 DONE 0.0s

#15 [frontend build 6/6] RUN npm run build
#15 0.993 
#15 0.993 > rag-quality-studio@0.1.0 build
#15 0.993 > tsc -b && vite build
#15 0.993 
#15 14.65 vite v7.3.6 building client environment for production...
#15 14.75 transforming...
#15 17.63 ✓ 1861 modules transformed.
#15 17.95 rendering chunks...
#15 17.96 computing gzip size...
#15 17.98 dist/index.html                   0.42 kB │ gzip:   0.30 kB
#15 17.98 dist/assets/index-DfjIUSaU.css   82.08 kB │ gzip:  15.03 kB
#15 17.98 dist/assets/index-CW0trpUo.js   508.16 kB │ gzip: 159.39 kB
#15 17.98 
#15 17.98 (!) Some chunks are larger than 500 kB after minification. Consider:
#15 17.98 - Using dynamic import() to code-split the application
#15 17.98 - Use build.rollupOptions.output.manualChunks to improve chunking: https://rollupjs.org/configuration-options/#output-manualchunks
#15 17.98 - Adjust chunk size limit for this warning via build.chunkSizeWarningLimit.
#15 17.98 ✓ built in 3.28s
#15 DONE 18.1s

#25 [frontend stage-1 2/3] COPY nginx.conf /etc/nginx/conf.d/default.conf
#25 CACHED

#26 [frontend stage-1 3/3] COPY --from=build /app/dist /usr/share/nginx/html
#26 DONE 0.0s

#27 [frontend] exporting to image
#27 exporting layers 0.0s done
#27 writing image sha256:53c8748b7b046d886d30fc5e62b464441bbb23d5321f774653a9f19f2cb3a31a done
#27 naming to docker.io/library/rag-quality-studio-frontend done
#27 DONE 0.0s

#28 [frontend] resolving provenance for metadata file
#28 DONE 0.0s
 backend  Built
 frontend  Built
 Container rag-quality-studio-backend-1  Recreate
 Container rag-quality-studio-backend-1  Recreated
 Container rag-quality-studio-frontend-1  Recreate
 Container rag-quality-studio-frontend-1  Recreated
 Container rag-quality-studio-backend-1  Starting
 Container rag-quality-studio-backend-1  Started
 Container rag-quality-studio-backend-1  Waiting
 Container rag-quality-studio-backend-1  Healthy
 Container rag-quality-studio-frontend-1  Starting
 Container rag-quality-studio-frontend-1  Started
